    Checking num-traits v0.2.19
    Checking quick-noise v0.1.1 (/home/alysara/Documents/Programming/Personal/quick-noise)
error[E0433]: cannot find `grid` in `api`
 --> src/noise/util/grid_data.rs:4:17
  |
4 | use crate::api::grid::interface::GridNoiseParams;
  |                 ^^^^ could not find `grid` in `api`

error[E0433]: cannot find `grid` in `api`
 --> src/noise/util/grid_helpers.rs:6:17
  |
6 | use crate::api::grid::interface::GridNoiseParams;
  |                 ^^^^ could not find `grid` in `api`

memory allocation of 3758096384 bytes failed
stack backtrace:
   0:     0x786b29ad4756 - <<std[6a054115ba3acc4c]::sys::backtrace::BacktraceLock>::print::DisplayBacktrace as core[aee49dcb9b368417]::fmt::Display>::fmt
   1:     0x786b2a20f108 - core[aee49dcb9b368417]::fmt::write
   2:     0x786b29ae9b3c - <std[6a054115ba3acc4c]::sys::stdio::unix::Stderr as std[6a054115ba3acc4c]::io::Write>::write_fmt
   3:     0x786b29ac6c48 - std[6a054115ba3acc4c]::alloc::default_alloc_error_hook
   4:     0x786b29aa8ae6 - std[6a054115ba3acc4c]::alloc::rust_oom::{closure#0}
   5:     0x786b29a9d149 - std[6a054115ba3acc4c]::sys::backtrace::__rust_end_short_backtrace::<std[6a054115ba3acc4c]::alloc::rust_oom::{closure#0}, !>
   6:     0x786b29ac6cca - std[6a054115ba3acc4c]::alloc::rust_oom
   7:     0x786b29aaa783 - __rustc[9621d9ded71cae34]::__rust_alloc_error_handler
   8:     0x786b2640d8c0 - alloc[cf2cab0bb0196a67]::alloc::handle_alloc_error
   9:     0x786b26447503 - alloc[cf2cab0bb0196a67]::raw_vec::handle_error
  10:     0x786b2ba821e7 - <alloc[cf2cab0bb0196a67]::raw_vec::RawVec<rustc_infer[9486e7bd98608b02]::infer::snapshot::undo_log::UndoLog>>::grow_one.cold
  11:     0x786b2b65d41c - <rustc_infer[9486e7bd98608b02]::infer::type_variable::TypeVariableTable>::equate
  12:     0x786b2a287139 - <rustc_infer[9486e7bd98608b02]::infer::relate::type_relating::TypeRelating as rustc_type_ir[34efbddc4bb4c86b]::relate::TypeRelation<rustc_middle[92ea5bf5081796f]::ty::context::TyCtxt>>::tys
  13:     0x786b2a8aea29 - <rustc_trait_selection[9dec3829e28c37de]::traits::fulfill::FulfillProcessor as rustc_data_structures[7bb7b8ba950b54e3]::obligation_forest::ObligationProcessor>::process_obligation
  14:     0x786b2a205c51 - <rustc_data_structures[7bb7b8ba950b54e3]::obligation_forest::ObligationForest<rustc_trait_selection[9dec3829e28c37de]::traits::fulfill::PendingPredicateObligation>>::process_obligations::<rustc_trait_selection[9dec3829e28c37de]::traits::fulfill::FulfillProcessor>
  15:     0x786b2a81b596 - <rustc_trait_selection[9dec3829e28c37de]::traits::fulfill::FulfillmentContext<rustc_infer[9486e7bd98608b02]::traits::engine::ScrubbedTraitError> as rustc_infer[9486e7bd98608b02]::traits::engine::TraitEngine<rustc_infer[9486e7bd98608b02]::traits::engine::ScrubbedTraitError>>::try_evaluate_obligations
  16:     0x786b297ca401 - <rustc_infer[9486e7bd98608b02]::infer::InferCtxt>::probe::<bool, <rustc_infer[9486e7bd98608b02]::infer::InferCtxt as rustc_trait_selection[9dec3829e28c37de]::infer::InferCtxtExt>::can_eq<rustc_type_ir[34efbddc4bb4c86b]::predicate::TraitRef<rustc_middle[92ea5bf5081796f]::ty::context::TyCtxt>>::{closure#0}>
  17:     0x786b298f8da5 - <rustc_trait_selection[9dec3829e28c37de]::error_reporting::TypeErrCtxt>::error_implies
  18:     0x786b283ef70c - <rustc_trait_selection[9dec3829e28c37de]::error_reporting::TypeErrCtxt>::report_fulfillment_errors
  19:     0x786b2b010c06 - rustc_hir_typeck[9ea7d76595b24fb]::typeck_with_inspect::{closure#0}
  20:     0x786b2b006c80 - rustc_query_impl[e9b1f27d4db47a3a]::query_impl::typeck_root::invoke_provider_fn::__rust_begin_short_backtrace
  21:     0x786b2a5bde31 - rustc_query_impl[e9b1f27d4db47a3a]::execution::try_execute_query::<rustc_data_structures[7bb7b8ba950b54e3]::vec_cache::VecCache<rustc_span[c5df0340e99405a0]::def_id::LocalDefId, rustc_middle[92ea5bf5081796f]::query::erase::ErasedData<[u8; 8usize]>, rustc_middle[92ea5bf5081796f]::dep_graph::graph::DepNodeIndex>, true>
  22:     0x786b2a5bd2ae - rustc_query_impl[e9b1f27d4db47a3a]::query_impl::typeck_root::execute_query_incr::__rust_end_short_backtrace
  23:     0x786b2a861cd9 - <rustc_middle[92ea5bf5081796f]::ty::context::TyCtxt>::par_hir_body_owners::<rustc_hir_analysis[7e4c84d427bc2bf1]::check_crate::{closure#1}>::{closure#0}
  24:     0x786b2a8615f9 - rustc_hir_analysis[7e4c84d427bc2bf1]::check_crate
  25:     0x786b2a9d177a - rustc_interface[c0e9a927cec1dd04]::passes::analysis
  26:     0x786b2b41c8c3 - rustc_query_impl[e9b1f27d4db47a3a]::execution::try_execute_query::<rustc_middle[92ea5bf5081796f]::query::caches::SingleCache<rustc_middle[92ea5bf5081796f]::query::erase::ErasedData<[u8; 0usize]>>, true>
  27:     0x786b2b41c1f7 - rustc_query_impl[e9b1f27d4db47a3a]::query_impl::analysis::execute_query_incr::__rust_end_short_backtrace
  28:     0x786b2b3a37c0 - rustc_interface[c0e9a927cec1dd04]::interface::run_compiler::<(), rustc_driver_impl[577425067c9284f5]::run_compiler::{closure#0}>::{closure#1}
  29:     0x786b2b3825fa - std[6a054115ba3acc4c]::sys::backtrace::__rust_begin_short_backtrace::<rustc_interface[c0e9a927cec1dd04]::util::run_in_thread_with_globals<rustc_interface[c0e9a927cec1dd04]::util::run_in_thread_pool_with_globals<rustc_interface[c0e9a927cec1dd04]::interface::run_compiler<(), rustc_driver_impl[577425067c9284f5]::run_compiler::{closure#0}>::{closure#1}, ()>::{closure#0}, ()>::{closure#0}::{closure#0}, ()>
  30:     0x786b2b3823ad - <std[6a054115ba3acc4c]::thread::lifecycle::spawn_unchecked<rustc_interface[c0e9a927cec1dd04]::util::run_in_thread_with_globals<rustc_interface[c0e9a927cec1dd04]::util::run_in_thread_pool_with_globals<rustc_interface[c0e9a927cec1dd04]::interface::run_compiler<(), rustc_driver_impl[577425067c9284f5]::run_compiler::{closure#0}>::{closure#1}, ()>::{closure#0}, ()>::{closure#0}::{closure#0}, ()>::{closure#1} as core[aee49dcb9b368417]::ops::function::FnOnce<()>>::call_once::{shim:vtable#0}
  31:     0x786b2b3867d0 - <std[6a054115ba3acc4c]::sys::thread::unix::Thread>::new::thread_start
  32:     0x786b24c9dd53 - start_thread
  33:     0x786b24d2563c - __clone3
  34:                0x0 - <unknown>
error: could not compile `quick-noise` (lib) due to 2 previous errors

Caused by:
  process didn't exit successfully: `/home/alysara/.rustup/toolchains/nightly-x86_64-unknown-linux-gnu/bin/rustc --crate-name quick_noise --edition=2024 src/lib.rs --error-format=json --json=diagnostic-rendered-ansi,artifacts,future-incompat --crate-type lib --emit=dep-info,metadata -C embed-bitcode=no -C debuginfo=2 --check-cfg 'cfg(docsrs,test)' --check-cfg 'cfg(feature, values("image", "serde"))' -C metadata=f81af53b6ab14846 -C extra-filename=-9d3bec4ad356c8fa --out-dir /home/alysara/Documents/Programming/Personal/quick-noise/target/debug/deps -C incremental=/home/alysara/Documents/Programming/Personal/quick-noise/target/debug/incremental -L dependency=/home/alysara/Documents/Programming/Personal/quick-noise/target/debug/deps --extern itertools=/home/alysara/Documents/Programming/Personal/quick-noise/target/debug/deps/libitertools-e90d55e96d9fc1b3.rmeta --extern num_traits=/home/alysara/Documents/Programming/Personal/quick-noise/target/debug/deps/libnum_traits-ded99aa5801feae0.rmeta` (signal: 6, SIGABRT: process abort signal)
